
> vn30-value-investing-os@0.1.0 typecheck /Users/nglehoangan/Documents/Working/VN_30_Investment
> pnpm db:generate && next typegen && tsc --noEmit


> vn30-value-investing-os@0.1.0 db:generate /Users/nglehoangan/Documents/Working/VN_30_Investment
> node scripts/database.mjs generate

Loaded Prisma config from prisma.config.ts.

Prisma schema loaded from prisma/schema.prisma.

✔ Generated Prisma Client (7.10.0) to ./src/infrastructure/db/generated in 61ms

Generating route types...
✓ Types generated successfully
tests/integration/decision.test.ts(110,23): error TS2352: Conversion of type '{ id: string; securityId: string; asOf: string; knownAt: string; recordedAt: string; priorDecisionId: null; revisionReason: null; reviewType: string; scope: string; methods: { decision: { methodologyId: string; ... 9 more ...; recordedAt: string; }; risk: { ...; }; requiredReturn: { ...; }; stage0: { ...; }; }; ... ...' to type 'DecisionInput' may be a mistake because neither type sufficiently overlaps with the other. If this was intentional, convert the expression to 'unknown' first.
  The types of 'methods.decision.methodologyId' are incompatible between these types.
    Type 'string' is not comparable to type 'MethodologyId'.
      Type 'string' is not comparable to type '{ readonly [methodologyIdBrand]: true; }'.
tests/integration/decision.test.ts(113,46): error TS2352: Conversion of type '{ id: string; securityId: string; ticker: string; asOf: string; knownAt: string; recordedAt: string; scope: string; methodology: string; priorDecisionId: null; decisionState: string; executionStatus: string; ... 16 more ...; input: { ...; }; }' to type '{ id: string; securityId: string; ticker: string | null; asOf: string; knownAt: string; recordedAt: string; scope: "FORMAL" | "SYNTHETIC_TEST"; methodology: string; priorDecisionId: string | null; ... 18 more ...; input: DecisionInput; }' may be a mistake because neither type sufficiently overlaps with the other. If this was intentional, convert the expression to 'unknown' first.
  The types of 'lineage.methods.decision.methodologyId' are incompatible between these types.
    Type 'string' is not comparable to type 'MethodologyId'.
      Type 'string' is not comparable to type '{ readonly [methodologyIdBrand]: true; }'.
tests/integration/decision.test.ts(152,19): error TS2352: Conversion of type '{ id: string; securityId: string; ticker: string; asOf: string; knownAt: string; recordedAt: string; scope: string; methodology: string; priorDecisionId: null; decisionState: string; executionStatus: string; ... 16 more ...; input: { ...; }; }' to type '{ id: string; securityId: string; ticker: string | null; asOf: string; knownAt: string; recordedAt: string; scope: "FORMAL" | "SYNTHETIC_TEST"; methodology: string; priorDecisionId: string | null; ... 18 more ...; input: DecisionInput; }' may be a mistake because neither type sufficiently overlaps with the other. If this was intentional, convert the expression to 'unknown' first.
  The types of 'lineage.methods.decision.methodologyId' are incompatible between these types.
    Type 'string' is not comparable to type 'MethodologyId'.
      Type 'string' is not comparable to type '{ readonly [methodologyIdBrand]: true; }'.
tests/unit/decision.test.ts(251,78): error TS2352: Conversion of type '{ id: string; securityId: string; asOf: string; knownAt: string; recordedAt: string; priorDecisionId: null; revisionReason: null; reviewType: string; scope: string; methods: { decision: { methodologyId: string; ... 9 more ...; recordedAt: string; }; risk: { ...; }; requiredReturn: { ...; }; stage0: { ...; }; }; ... ...' to type 'DecisionInput' may be a mistake because neither type sufficiently overlaps with the other. If this was intentional, convert the expression to 'unknown' first.
  The types of 'methods.decision.methodologyId' are incompatible between these types.
    Type 'string' is not comparable to type 'MethodologyId'.
      Type 'string' is not comparable to type '{ readonly [methodologyIdBrand]: true; }'.
 ELIFECYCLE  Command failed with exit code 2.
