
> vn30-value-investing-os@0.1.0 build /private/tmp/vn30-m65-clean.9IMWQN
> pnpm db:generate && next build


> vn30-value-investing-os@0.1.0 db:generate /private/tmp/vn30-m65-clean.9IMWQN
> node scripts/database.mjs generate

Loaded Prisma config from prisma.config.ts.

Prisma schema loaded from prisma/schema.prisma.

✔ Generated Prisma Client (7.10.0) to ./src/infrastructure/db/generated in 64ms

▲ Next.js 16.3.4 (Turbopack)
✓ Running next.config.ts took 64ms

  Creating an optimized production build ...
✓ Compiled successfully in 242ms
  Running TypeScript ...
  Finished TypeScript in 1382ms ...
  Collecting page data using 4 workers ...
  Generating static pages using 4 workers (0/3) ...
✓ Generating static pages using 4 workers (3/3) in 221ms
  Finalizing page optimization ...

Route (app)
┌ ○ /
└ ○ /_not-found


○  (Static)  prerendered as static content

