
> vn30-value-investing-os@0.1.0 db:migrate /private/tmp/vn30-m65-clean.9IMWQN
> node scripts/database.mjs migrate

Loaded Prisma config from prisma.config.ts.

Prisma schema loaded from prisma/schema.prisma.
Datasource "db": SQLite database "verification.sqlite" at "file:/private/tmp/vn30-m65-db-v7p_g_pz/verification.sqlite"

5 migrations found in prisma/migrations

Applying migration `202609100001_methodology_registry`
Applying migration `202609160001_portfolio_ledger`
Applying migration `202609170001_scoring_artifacts`
Applying migration `202609200001_methodology_governance`
Applying migration `202609200002_decision_artifacts`

The following migration(s) have been applied:

migrations/
  └─ 202609100001_methodology_registry/
    └─ migration.sql
  └─ 202609160001_portfolio_ledger/
    └─ migration.sql
  └─ 202609170001_scoring_artifacts/
    └─ migration.sql
  └─ 202609200001_methodology_governance/
    └─ migration.sql
  └─ 202609200002_decision_artifacts/
    └─ migration.sql

All migrations have been successfully applied.
