
> vn30-value-investing-os@0.1.0 typecheck /Users/nglehoangan/Documents/Working/VN_30_Investment
> pnpm db:generate && next typegen && tsc --noEmit


> vn30-value-investing-os@0.1.0 db:generate /Users/nglehoangan/Documents/Working/VN_30_Investment
> node scripts/database.mjs generate

Loaded Prisma config from prisma.config.ts.

Prisma schema loaded from prisma/schema.prisma.
┌─────────────────────────────────────────────────────────┐
│  Update available 7.10.0 -> 8.0.0-rc.19                 │
│                                                         │
│  This is a major update - please follow the guide at    │
│  https://pris.ly/d/major-version-upgrade                │
│                                                         │
│  Run the following to update                            │
│    npm i --save-dev prisma@latest                       │
│    npm i @prisma/client@latest                          │
└─────────────────────────────────────────────────────────┘

✔ Generated Prisma Client (7.10.0) to ./src/infrastructure/db/generated in 53ms

Generating route types...
✓ Types generated successfully
.next/types/cache-life.d 2.ts(3,1): error TS6200: Definitions of the following identifiers conflict with those in another file: unstable_cache, updateTag, revalidateTag, revalidatePath, refresh, unstable_noStore, io, cacheTag, unstable_cacheTag, unstable_cacheLife
.next/types/routes.d 2.ts(51,8): error TS2300: Duplicate identifier 'LayoutProps'.
 ELIFECYCLE  Command failed with exit code 2.
